Archive member included to satisfy reference by file (symbol)

/home/fe16/hw16471/linux/app_sec/AppliedSecurity/39824/scale-hw/target/lpc1313fbd48/build/lib/libscale.a(scale.o)
                              /tmp/cc4c3JMQ.o (scale_gpio_wr)
/home/fe16/hw16471/linux/app_sec/AppliedSecurity/39824/scale-hw/target/lpc1313fbd48/build/lib/libscale.a(bsp.o)
                              /home/fe16/hw16471/linux/app_sec/AppliedSecurity/39824/scale-hw/target/lpc1313fbd48/build/lib/libscale.a(scale.o) (scale_conf)
/home/fe16/hw16471/linux/app_sec/AppliedSecurity/39824/scale-hw/target/lpc1313fbd48/build/lib/libscale.a(lpc13xx.o)
                              /home/fe16/hw16471/linux/app_sec/AppliedSecurity/39824/scale-hw/target/lpc1313fbd48/build/lib/libscale.a(scale.o) (LPC13XX_SYSCON)
/home/fe16/hw16471/linux/app_sec/AppliedSecurity/39824/scale-hw/target/lpc1313fbd48/build/lib/libscale.a(crt0.o)
                              (__irq_vector)
/opt/gcc-arm-none-eabi/7-2017-q4-major/bin/../lib/gcc/arm-none-eabi/7.2.1/../../../../arm-none-eabi/lib/thumb/v7-m/libc.a(lib_a-strlen-stub.o)
                              /tmp/cc4c3JMQ.o (strlen)

Allocating common symbols
Common symbol       size              file

scale_conf          0x4               /home/fe16/hw16471/linux/app_sec/AppliedSecurity/39824/scale-hw/target/lpc1313fbd48/build/lib/libscale.a(bsp.o)

Memory Configuration

Name             Origin             Length             Attributes
rom              0x0000000000000000 0x0000000000008000 xr
ram              0x0000000010000000 0x0000000000002000 xrw
*default*        0x0000000000000000 0xffffffffffffffff

Linker script and memory map

LOAD /tmp/cc4c3JMQ.o
LOAD /home/fe16/hw16471/linux/app_sec/AppliedSecurity/39824/scale-hw/target/lpc1313fbd48/build/lib/libscale.a
START GROUP
LOAD /opt/gcc-arm-none-eabi/7-2017-q4-major/bin/../lib/gcc/arm-none-eabi/7.2.1/thumb/v7-m/libgcc.a
LOAD /opt/gcc-arm-none-eabi/7-2017-q4-major/bin/../lib/gcc/arm-none-eabi/7.2.1/../../../../arm-none-eabi/lib/thumb/v7-m/libc.a
END GROUP
                0x0000000000000000                . = 0x0

.text           0x0000000000000000      0xd18
                0x0000000000000000                __head_text = .
 *(.data.__irq_handler)
 .data.__irq_handler
                0x0000000000000000       0x40 /home/fe16/hw16471/linux/app_sec/AppliedSecurity/39824/scale-hw/target/lpc1313fbd48/build/lib/libscale.a(crt0.o)
                0x0000000000000000                __irq_vector
 *(.text.__irq_handler)
 .text.__irq_handler
                0x0000000000000040       0x48 /home/fe16/hw16471/linux/app_sec/AppliedSecurity/39824/scale-hw/target/lpc1313fbd48/build/lib/libscale.a(crt0.o)
                0x0000000000000040                __irq_handler_nul
                0x0000000000000042                __irq_handler_rst
 *(.text*)
 .text          0x0000000000000088      0x66c /tmp/cc4c3JMQ.o
                0x0000000000000088                create_updated_sbox
                0x00000000000000ac                mask_state
                0x00000000000000e8                remask
                0x000000000000011e                mask_roundkey
                0x0000000000000158                aes_init
                0x000000000000015a                reverse_array
                0x0000000000000178                hex_to_int
                0x0000000000000184                hex_to_int2
                0x000000000000019a                int_to_hex
                0x00000000000001a6                int_to_hex2
                0x00000000000001be                my_print
                0x00000000000001f0                octetstr_rd
                0x000000000000024c                octetstr_wr
                0x00000000000002a8                aes_enc_shift_rows
                0x00000000000002dc                aes_enc_sub_bytes
                0x0000000000000344                aes_enc_key_add
                0x00000000000003c6                aes_enc_exp_step
                0x0000000000000474                gf28_t_mulx
                0x0000000000000486                aes_enc_mix_columns
                0x0000000000000502                aes
                0x0000000000000680                gf28_t_mul
                0x00000000000006a0                gf28_t_inv
 .text.startup  0x00000000000006f4       0xbc /tmp/cc4c3JMQ.o
                0x00000000000006f4                main
 .text          0x00000000000007b0      0x4dc /home/fe16/hw16471/linux/app_sec/AppliedSecurity/39824/scale-hw/target/lpc1313fbd48/build/lib/libscale.a(scale.o)
                0x00000000000007b0                scale_delay_us
                0x00000000000007cc                scale_delay_ms
                0x00000000000007e4                scale_tsc
                0x00000000000007f4                scale_gpio_rd
                0x0000000000000830                scale_gpio_wr
                0x0000000000000880                scale_uart_rd_avail
                0x0000000000000890                scale_uart_wr_avail
                0x00000000000008a0                scale_init
                0x0000000000000b54                scale_uart_rd
                0x0000000000000b6c                scale_uart_wr
                0x0000000000000b84                scale_i2c_fsm
                0x0000000000000c78                scale_i2c_rd
                0x0000000000000c82                scale_i2c_wr
 .text          0x0000000000000c8c        0x0 /home/fe16/hw16471/linux/app_sec/AppliedSecurity/39824/scale-hw/target/lpc1313fbd48/build/lib/libscale.a(bsp.o)
 .text          0x0000000000000c8c        0x0 /home/fe16/hw16471/linux/app_sec/AppliedSecurity/39824/scale-hw/target/lpc1313fbd48/build/lib/libscale.a(lpc13xx.o)
 .text.lpc13xx  0x0000000000000c8c        0x8 /home/fe16/hw16471/linux/app_sec/AppliedSecurity/39824/scale-hw/target/lpc1313fbd48/build/lib/libscale.a(lpc13xx.o)
                0x0000000000000c8c                lpc13xx_irq_enable
                0x0000000000000c90                lpc13xx_irq_unable
 .text          0x0000000000000c94        0x0 /home/fe16/hw16471/linux/app_sec/AppliedSecurity/39824/scale-hw/target/lpc1313fbd48/build/lib/libscale.a(crt0.o)
 .text.__start  0x0000000000000c94        0xa /home/fe16/hw16471/linux/app_sec/AppliedSecurity/39824/scale-hw/target/lpc1313fbd48/build/lib/libscale.a(crt0.o)
                0x0000000000000c94                __start
 .text          0x0000000000000c9e        0x0 /opt/gcc-arm-none-eabi/7-2017-q4-major/bin/../lib/gcc/arm-none-eabi/7.2.1/../../../../arm-none-eabi/lib/thumb/v7-m/libc.a(lib_a-strlen-stub.o)
 *fill*         0x0000000000000c9e        0x2 
 .text.strlen   0x0000000000000ca0       0x5c /opt/gcc-arm-none-eabi/7-2017-q4-major/bin/../lib/gcc/arm-none-eabi/7.2.1/../../../../arm-none-eabi/lib/thumb/v7-m/libc.a(lib_a-strlen-stub.o)
                0x0000000000000ca0                strlen
 *(.text.*)
 *(.rodata*)
 .rodata        0x0000000000000cfc       0x1b /tmp/cc4c3JMQ.o
 *(.rodata.*)
                0x0000000000000d18                . = ALIGN (0x4)
 *fill*         0x0000000000000d17        0x1 
                0x0000000000000d18                __foot_text = .

.glue_7         0x0000000000000d18        0x0
 .glue_7        0x0000000000000d18        0x0 linker stubs

.glue_7t        0x0000000000000d18        0x0
 .glue_7t       0x0000000000000d18        0x0 linker stubs

.vfp11_veneer   0x0000000000000d18        0x0
 .vfp11_veneer  0x0000000000000d18        0x0 linker stubs

.v4_bx          0x0000000000000d18        0x0
 .v4_bx         0x0000000000000d18        0x0 linker stubs

.iplt           0x0000000000000d18        0x0
 .iplt          0x0000000000000d18        0x0 /tmp/cc4c3JMQ.o

.rel.dyn        0x0000000000000d18        0x0
 .rel.iplt      0x0000000000000d18        0x0 /tmp/cc4c3JMQ.o

.data           0x0000000010000000      0x22c load address 0x0000000000000d20
                0x0000000010000000                __head_data = .
 *(.data)
 .data          0x0000000010000000      0x200 /tmp/cc4c3JMQ.o
                0x0000000010000000                sbox_masked
                0x0000000010000100                sbox
 .data          0x0000000010000200        0x4 /home/fe16/hw16471/linux/app_sec/AppliedSecurity/39824/scale-hw/target/lpc1313fbd48/build/lib/libscale.a(scale.o)
                0x0000000010000200                SCALE_CONF
 .data          0x0000000010000204        0x0 /home/fe16/hw16471/linux/app_sec/AppliedSecurity/39824/scale-hw/target/lpc1313fbd48/build/lib/libscale.a(bsp.o)
 .data          0x0000000010000204        0x0 /home/fe16/hw16471/linux/app_sec/AppliedSecurity/39824/scale-hw/target/lpc1313fbd48/build/lib/libscale.a(lpc13xx.o)
 .data          0x0000000010000204        0x0 /home/fe16/hw16471/linux/app_sec/AppliedSecurity/39824/scale-hw/target/lpc1313fbd48/build/lib/libscale.a(crt0.o)
 .data          0x0000000010000204        0x0 /opt/gcc-arm-none-eabi/7-2017-q4-major/bin/../lib/gcc/arm-none-eabi/7.2.1/../../../../arm-none-eabi/lib/thumb/v7-m/libc.a(lib_a-strlen-stub.o)
 *(.data.*)
 .data.lpc13xx  0x0000000010000204       0x28 /home/fe16/hw16471/linux/app_sec/AppliedSecurity/39824/scale-hw/target/lpc1313fbd48/build/lib/libscale.a(lpc13xx.o)
                0x0000000010000204                LPC13XX_SYSCON
                0x0000000010000208                LPC13XX_IOCON
                0x000000001000020c                LPC13XX_GPIO0
                0x0000000010000210                LPC13XX_GPIO1
                0x0000000010000214                LPC13XX_GPIO2
                0x0000000010000218                LPC13XX_GPIO3
                0x000000001000021c                LPC13XX_UART
                0x0000000010000220                LPC13XX_I2C
                0x0000000010000224                LPC13XX_FMC
                0x0000000010000228                LPC13XX_SYSTICK
                0x000000001000022c                . = ALIGN (0x4)
                0x000000001000022c                __foot_data = .

.igot.plt       0x000000001000022c        0x0 load address 0x0000000000000f4c
 .igot.plt      0x000000001000022c        0x0 /tmp/cc4c3JMQ.o

.bss            0x0000000010000230        0x4 load address 0x0000000000000f50
                0x0000000010000230                __head_bss = .
 *(.bss)
 .bss           0x0000000010000230        0x0 /tmp/cc4c3JMQ.o
 .bss           0x0000000010000230        0x0 /home/fe16/hw16471/linux/app_sec/AppliedSecurity/39824/scale-hw/target/lpc1313fbd48/build/lib/libscale.a(scale.o)
 .bss           0x0000000010000230        0x0 /home/fe16/hw16471/linux/app_sec/AppliedSecurity/39824/scale-hw/target/lpc1313fbd48/build/lib/libscale.a(bsp.o)
 .bss           0x0000000010000230        0x0 /home/fe16/hw16471/linux/app_sec/AppliedSecurity/39824/scale-hw/target/lpc1313fbd48/build/lib/libscale.a(lpc13xx.o)
 .bss           0x0000000010000230        0x0 /home/fe16/hw16471/linux/app_sec/AppliedSecurity/39824/scale-hw/target/lpc1313fbd48/build/lib/libscale.a(crt0.o)
 .bss           0x0000000010000230        0x0 /opt/gcc-arm-none-eabi/7-2017-q4-major/bin/../lib/gcc/arm-none-eabi/7.2.1/../../../../arm-none-eabi/lib/thumb/v7-m/libc.a(lib_a-strlen-stub.o)
 *(.bss.*)
                0x0000000010000230                . = ALIGN (0x4)
                0x0000000010000230                __foot_bss = .
 COMMON         0x0000000010000230        0x4 /home/fe16/hw16471/linux/app_sec/AppliedSecurity/39824/scale-hw/target/lpc1313fbd48/build/lib/libscale.a(bsp.o)
                0x0000000010000230                scale_conf
                [!provide]                        PROVIDE (__load_text, LOADADDR (.text))
                0x0000000000000d20                PROVIDE (__load_data, LOADADDR (.data))
                0x0000000000000f50                PROVIDE (__load_bss, LOADADDR (.bss))
                0x0000000010002000                PROVIDE (__tos, (ORIGIN (ram) + LENGTH (ram)))
OUTPUT(target.elf elf32-littlearm)

.comment        0x0000000000000000       0x7e
 .comment       0x0000000000000000       0x7e /tmp/cc4c3JMQ.o
                                         0x7f (size before relaxing)
 .comment       0x000000000000007e       0x7f /home/fe16/hw16471/linux/app_sec/AppliedSecurity/39824/scale-hw/target/lpc1313fbd48/build/lib/libscale.a(scale.o)
 .comment       0x000000000000007e       0x7f /home/fe16/hw16471/linux/app_sec/AppliedSecurity/39824/scale-hw/target/lpc1313fbd48/build/lib/libscale.a(bsp.o)

.ARM.attributes
                0x0000000000000000       0x31
 .ARM.attributes
                0x0000000000000000       0x33 /tmp/cc4c3JMQ.o
 .ARM.attributes
                0x0000000000000033       0x33 /home/fe16/hw16471/linux/app_sec/AppliedSecurity/39824/scale-hw/target/lpc1313fbd48/build/lib/libscale.a(scale.o)
 .ARM.attributes
                0x0000000000000066       0x33 /home/fe16/hw16471/linux/app_sec/AppliedSecurity/39824/scale-hw/target/lpc1313fbd48/build/lib/libscale.a(bsp.o)
 .ARM.attributes
                0x0000000000000099       0x21 /home/fe16/hw16471/linux/app_sec/AppliedSecurity/39824/scale-hw/target/lpc1313fbd48/build/lib/libscale.a(lpc13xx.o)
 .ARM.attributes
                0x00000000000000ba       0x21 /home/fe16/hw16471/linux/app_sec/AppliedSecurity/39824/scale-hw/target/lpc1313fbd48/build/lib/libscale.a(crt0.o)
 .ARM.attributes
                0x00000000000000db       0x2d /opt/gcc-arm-none-eabi/7-2017-q4-major/bin/../lib/gcc/arm-none-eabi/7.2.1/../../../../arm-none-eabi/lib/thumb/v7-m/libc.a(lib_a-strlen-stub.o)

.debug_frame    0x0000000000000000       0x20
 .debug_frame   0x0000000000000000       0x20 /opt/gcc-arm-none-eabi/7-2017-q4-major/bin/../lib/gcc/arm-none-eabi/7.2.1/../../../../arm-none-eabi/lib/thumb/v7-m/libc.a(lib_a-strlen-stub.o)
